{"format":"jpeg","content_type":"image/jpeg","width":100,"height":68,"orientation":1,"pages":1,"bands":3,"exif":{"ApertureValue":"368640/65536","ColorSpace":"1","ComponentsConfiguration":"Y Cb Cr -","Compression":"6","CustomRendered":"0","DateTime":"2008:07:31 10:38:11","DateTimeDigitized":"2008:05:30 15:56:01","DateTimeOriginal":"2008:05:30 15:56:01","ExifVersion":"Exif Version 2.21","ExposureBiasValue":"0/1","ExposureMode":"1","ExposureProgram":"1","ExposureTime":"1/160","FNumber":"71/10","Flash":"9","FlashpixVersion":"FlashPix Version 1.0","FocalLength":"135/1","FocalPlaneResolutionUnit":"2","FocalPlaneXResolution":"3888000/876","FocalPlaneYResolution":"2592000/583","GPSVersionID":"2.2.0.0","ISOSpeedRatings":"100","InteroperabilityIndex":"R98","InteroperabilityVersion":"0100","Make":"Canon","MeteringMode":"5","Model":"Canon EOS 40D","Orientation":"1","PixelXDimension":"100","PixelYDimension":"68","ResolutionUnit":"2","SceneCaptureType":"0","ShutterSpeedValue":"483328/65536","Software":"GIMP 2.4.5","SubSecTimeDigitized":"00","SubSecTimeOriginal":"00","SubsecTime":"00","WhiteBalance":"0","XResolution":"72/1","YCbCrPositioning":"2","YResolution":"72/1"}}