{"format":"heif","content_type":"image/heif","width":202,"height":259,"orientation":0,"pages":1,"bands":4,"exif":{"ColorSpace":"65535","ComponentsConfiguration":"Y Cb Cr -","ExifVersion":"Exif Version 2.1","FlashpixVersion":"FlashPix Version 1.0","PixelXDimension":"202","PixelYDimension":"259","ResolutionUnit":"2","XResolution":"72009/1000","YCbCrPositioning":"1","YResolution":"72009/1000"}}