{"format":"tiff","content_type":"image/tiff","width":200,"height":100,"orientation":1,"pages":1,"bands":4,"exif":{}}