{"format":"jp2k","content_type":"image/jp2","width":147,"height":200,"orientation":0,"pages":1,"bands":4,"exif":{}}