{"format":"pdf","content_type":"application/pdf","width":612,"height":792,"orientation":0,"pages":2,"bands":4,"exif":{}}