{"format":"svg","content_type":"image/svg+xml","width":620,"height":472,"orientation":0,"pages":1,"bands":4,"exif":{}}