{"format":"jpeg","content_type":"image/jpeg","width":100,"height":68,"orientation":1,"pages":1,"bands":3,"exif":{}}