{"format":"gif","content_type":"image/gif","width":95,"height":100,"orientation":0,"pages":8,"bands":4,"exif":{}}