{"format":"jpeg","content_type":"image/jpeg","width":100,"height":100,"orientation":1,"pages":1,"bands":3,"exif":{"ColorSpace":65535,"ComponentsConfiguration":"Y Cb Cr -","ExifVersion":"Exif Version 2.1","FlashpixVersion":"FlashPix Version 1.0","Orientation":1,"PixelXDimension":200,"PixelYDimension":200,"ResolutionUnit":2,"XResolution":"299999/1000","YCbCrPositioning":1,"YResolution":"299999/1000"}}