{"format":"jpeg","content_type":"image/jpeg","width":95,"height":100,"orientation":0,"pages":1,"bands":4,"exif":{}}